// Jest Snapshot v1, https://goo.gl/fbAQLP

exports[`<ScientificNotation tests> should match snapshot 1`] = `
<div>
  <div />
</div>
`;
